NOSUCHFILE.as: No such file or directory
ERROR #11: At least 1 assembly file should be supplied
	Additional information: no file to process
